Archive member included because of file (symbol)

C:/WinAVR/bin/../lib/gcc/avr/3.4.6/../../../../avr/lib/avr5\libprintf_flt.a(vfprintf_flt.o)
                              (vfprintf)
C:/WinAVR/bin/../lib/gcc/avr/3.4.6/../../../../avr/lib/avr5\libscanf_flt.a(vfscanf_flt.o)
                              (vfscanf)
C:/WinAVR/bin/../lib/gcc/avr/3.4.6/../../../../avr/lib/avr5\libm.a(divsf3.o)
                              main.o (__divsf3)
C:/WinAVR/bin/../lib/gcc/avr/3.4.6/../../../../avr/lib/avr5\libm.a(divsf3x.o)
                              C:/WinAVR/bin/../lib/gcc/avr/3.4.6/../../../../avr/lib/avr5\libm.a(divsf3.o) (__divsf3x)
C:/WinAVR/bin/../lib/gcc/avr/3.4.6/../../../../avr/lib/avr5\libm.a(fixsfsi.o)
                              C:/WinAVR/bin/../lib/gcc/avr/3.4.6/../../../../avr/lib/avr5\libprintf_flt.a(vfprintf_flt.o) (__fixsfsi)
C:/WinAVR/bin/../lib/gcc/avr/3.4.6/../../../../avr/lib/avr5\libm.a(floatsisf.o)
                              main.o (__floatsisf)
C:/WinAVR/bin/../lib/gcc/avr/3.4.6/../../../../avr/lib/avr5\libm.a(fp_cmp.o)
                              C:/WinAVR/bin/../lib/gcc/avr/3.4.6/../../../../avr/lib/avr5\libprintf_flt.a(vfprintf_flt.o) (__nesf2)
C:/WinAVR/bin/../lib/gcc/avr/3.4.6/../../../../avr/lib/avr5\libm.a(fp_merge.o)
                              C:/WinAVR/bin/../lib/gcc/avr/3.4.6/../../../../avr/lib/avr5\libm.a(divsf3.o) (__fp_merge)
C:/WinAVR/bin/../lib/gcc/avr/3.4.6/../../../../avr/lib/avr5\libm.a(fp_nan.o)
                              C:/WinAVR/bin/../lib/gcc/avr/3.4.6/../../../../avr/lib/avr5\libm.a(divsf3x.o) (__fp_nanx)
C:/WinAVR/bin/../lib/gcc/avr/3.4.6/../../../../avr/lib/avr5\libm.a(fp_split.o)
                              C:/WinAVR/bin/../lib/gcc/avr/3.4.6/../../../../avr/lib/avr5\libm.a(divsf3.o) (__fp_split3)
C:/WinAVR/bin/../lib/gcc/avr/3.4.6/../../../../avr/lib/avr5\libm.a(fp_zero.o)
                              C:/WinAVR/bin/../lib/gcc/avr/3.4.6/../../../../avr/lib/avr5\libm.a(fixsfsi.o) (__fp_zero)
C:/WinAVR/bin/../lib/gcc/avr/3.4.6/../../../../avr/lib/avr5\libm.a(isinfnan.o)
                              C:/WinAVR/bin/../lib/gcc/avr/3.4.6/../../../../avr/lib/avr5\libprintf_flt.a(vfprintf_flt.o) (isnan)
C:/WinAVR/bin/../lib/gcc/avr/3.4.6/../../../../avr/lib/avr5\libm.a(modf.o)
                              C:/WinAVR/bin/../lib/gcc/avr/3.4.6/../../../../avr/lib/avr5\libprintf_flt.a(vfprintf_flt.o) (modf)
C:/WinAVR/bin/../lib/gcc/avr/3.4.6/../../../../avr/lib/avr5\libm.a(mulsf3.o)
                              C:/WinAVR/bin/../lib/gcc/avr/3.4.6/../../../../avr/lib/avr5\libprintf_flt.a(vfprintf_flt.o) (__mulsf3)
C:/WinAVR/bin/../lib/gcc/avr/3.4.6/../../../../avr/lib/avr5\libm.a(mulsf3x.o)
                              C:/WinAVR/bin/../lib/gcc/avr/3.4.6/../../../../avr/lib/avr5\libm.a(mulsf3.o) (__mulsf3x)
C:/WinAVR/bin/../lib/gcc/avr/3.4.6/../../../../avr/lib/avr5\libm.a(strtod.o)
                              C:/WinAVR/bin/../lib/gcc/avr/3.4.6/../../../../avr/lib/avr5\libscanf_flt.a(vfscanf_flt.o) (strtod)
C:/WinAVR/bin/../lib/gcc/avr/3.4.6/../../../../avr/lib/avr5\libm.a(addsf3.o)
                              C:/WinAVR/bin/../lib/gcc/avr/3.4.6/../../../../avr/lib/avr5\libm.a(modf.o) (__addsf3)
C:/WinAVR/bin/../lib/gcc/avr/3.4.6/../../../../avr/lib/avr5\libm.a(addsf3x.o)
                              C:/WinAVR/bin/../lib/gcc/avr/3.4.6/../../../../avr/lib/avr5\libm.a(addsf3.o) (__addsf3x)
C:/WinAVR/bin/../lib/gcc/avr/3.4.6/../../../../avr/lib/avr5\libm.a(fp_flashconst.o)
                              C:/WinAVR/bin/../lib/gcc/avr/3.4.6/../../../../avr/lib/avr5\libm.a(strtod.o) (__fp_flashconst)
C:/WinAVR/lib/gcc/avr/3.4.6/avr5\libgcc.a(_mulsi3.o)
                              lcd.o (__mulsi3)
C:/WinAVR/lib/gcc/avr/3.4.6/avr5\libgcc.a(_divmodhi4.o)
                              C:/WinAVR/bin/../lib/gcc/avr/3.4.6/../../../../avr/lib/avr5\libprintf_flt.a(vfprintf_flt.o) (__divmodhi4)
C:/WinAVR/lib/gcc/avr/3.4.6/avr5\libgcc.a(_udivmodsi4.o)
                              printf.o (__udivmodsi4)
C:/WinAVR/lib/gcc/avr/3.4.6/avr5\libgcc.a(_prologue.o)
                              printf.o (__prologue_saves__)
C:/WinAVR/lib/gcc/avr/3.4.6/avr5\libgcc.a(_epilogue.o)
                              printf.o (__epilogue_restores__)
C:/WinAVR/lib/gcc/avr/3.4.6/avr5\libgcc.a(_clear_bss.o)
                              serial.o (__do_clear_bss)
C:/WinAVR/lib/gcc/avr/3.4.6/avr5\libgcc.a(_udivmodhi4.o)
                              C:/WinAVR/lib/gcc/avr/3.4.6/avr5\libgcc.a(_divmodhi4.o) (__udivmodhi4)
C:/WinAVR/bin/../lib/gcc/avr/3.4.6/../../../../avr/lib/avr5\libc.a(isspace.o)
                              C:/WinAVR/bin/../lib/gcc/avr/3.4.6/../../../../avr/lib/avr5\libscanf_flt.a(vfscanf_flt.o) (isspace)
C:/WinAVR/bin/../lib/gcc/avr/3.4.6/../../../../avr/lib/avr5\libc.a(tolower.o)
                              C:/WinAVR/bin/../lib/gcc/avr/3.4.6/../../../../avr/lib/avr5\libscanf_flt.a(vfscanf_flt.o) (tolower)
C:/WinAVR/bin/../lib/gcc/avr/3.4.6/../../../../avr/lib/avr5\libc.a(strlen_P.o)
                              C:/WinAVR/bin/../lib/gcc/avr/3.4.6/../../../../avr/lib/avr5\libprintf_flt.a(vfprintf_flt.o) (strlen_P)
C:/WinAVR/bin/../lib/gcc/avr/3.4.6/../../../../avr/lib/avr5\libc.a(strnlen_P.o)
                              C:/WinAVR/bin/../lib/gcc/avr/3.4.6/../../../../avr/lib/avr5\libprintf_flt.a(vfprintf_flt.o) (strnlen_P)
C:/WinAVR/bin/../lib/gcc/avr/3.4.6/../../../../avr/lib/avr5\libc.a(strchr.o)
                              C:/WinAVR/bin/../lib/gcc/avr/3.4.6/../../../../avr/lib/avr5\libscanf_flt.a(vfscanf_flt.o) (strchr)
C:/WinAVR/bin/../lib/gcc/avr/3.4.6/../../../../avr/lib/avr5\libc.a(strnlen.o)
                              C:/WinAVR/bin/../lib/gcc/avr/3.4.6/../../../../avr/lib/avr5\libprintf_flt.a(vfprintf_flt.o) (strnlen)
C:/WinAVR/bin/../lib/gcc/avr/3.4.6/../../../../avr/lib/avr5\libc.a(mul10.o)
                              C:/WinAVR/bin/../lib/gcc/avr/3.4.6/../../../../avr/lib/avr5\libm.a(strtod.o) (__mulhi_const_10)
C:/WinAVR/bin/../lib/gcc/avr/3.4.6/../../../../avr/lib/avr5\libc.a(fgetc.o)
                              C:/WinAVR/bin/../lib/gcc/avr/3.4.6/../../../../avr/lib/avr5\libscanf_flt.a(vfscanf_flt.o) (fgetc)
C:/WinAVR/bin/../lib/gcc/avr/3.4.6/../../../../avr/lib/avr5\libc.a(fputc.o)
                              C:/WinAVR/bin/../lib/gcc/avr/3.4.6/../../../../avr/lib/avr5\libprintf_flt.a(vfprintf_flt.o) (fputc)
C:/WinAVR/bin/../lib/gcc/avr/3.4.6/../../../../avr/lib/avr5\libc.a(sprintf.o)
                              main.o (sprintf)
C:/WinAVR/bin/../lib/gcc/avr/3.4.6/../../../../avr/lib/avr5\libc.a(ungetc.o)
                              C:/WinAVR/bin/../lib/gcc/avr/3.4.6/../../../../avr/lib/avr5\libscanf_flt.a(vfscanf_flt.o) (ungetc)
C:/WinAVR/bin/../lib/gcc/avr/3.4.6/../../../../avr/lib/avr5\libc.a(cty_isfalse.o)
                              C:/WinAVR/bin/../lib/gcc/avr/3.4.6/../../../../avr/lib/avr5\libc.a(isspace.o) (__ctype_isfalse)
C:/WinAVR/bin/../lib/gcc/avr/3.4.6/../../../../avr/lib/avr5\libc.a(isalpha.o)
                              C:/WinAVR/bin/../lib/gcc/avr/3.4.6/../../../../avr/lib/avr5\libc.a(tolower.o) (isalpha)

Allocating common symbols
Common symbol       size              file

recbuf              0x1               serial.o
busy                0x1               serial.o
rbuf                0x10              serial.o
rcnt                0x1               serial.o
rpos                0x1               serial.o
update              0x1               main.o

Memory Configuration

Name             Origin             Length             Attributes
text             0x00000000         0x00020000         xr
data             0x00800060         0x0000ffa0         rw !x
eeprom           0x00810000         0x00010000         rw !x
*default*        0x00000000         0xffffffff

Linker script and memory map

Address of section .data set to 0x800100
LOAD C:/WinAVR/bin/../lib/gcc/avr/3.4.6/../../../../avr/lib/avr5/crtm128.o
LOAD serial.o
LOAD printf.o
LOAD lcd.o
LOAD main.o
                0x00000007                __init_wdtcr__ = 0x7
                0x00000080                __init_mcucr__ = 0x80
LOAD C:/WinAVR/bin/../lib/gcc/avr/3.4.6/../../../../avr/lib/avr5\libprintf_flt.a
LOAD C:/WinAVR/bin/../lib/gcc/avr/3.4.6/../../../../avr/lib/avr5\libscanf_flt.a
LOAD C:/WinAVR/bin/../lib/gcc/avr/3.4.6/../../../../avr/lib/avr5\libm.a
LOAD C:/WinAVR/lib/gcc/avr/3.4.6/avr5\libgcc.a
LOAD C:/WinAVR/bin/../lib/gcc/avr/3.4.6/../../../../avr/lib/avr5\libc.a
LOAD C:/WinAVR/lib/gcc/avr/3.4.6/avr5\libgcc.a

.hash
 *(.hash)

.dynsym
 *(.dynsym)

.dynstr
 *(.dynstr)

.gnu.version
 *(.gnu.version)

.gnu.version_d
 *(.gnu.version_d)

.gnu.version_r
 *(.gnu.version_r)

.rel.init
 *(.rel.init)

.rela.init
 *(.rela.init)

.rel.text
 *(.rel.text)
 *(.rel.text.*)
 *(.rel.gnu.linkonce.t*)

.rela.text
 *(.rela.text)
 *(.rela.text.*)
 *(.rela.gnu.linkonce.t*)

.rel.fini
 *(.rel.fini)

.rela.fini
 *(.rela.fini)

.rel.rodata
 *(.rel.rodata)
 *(.rel.rodata.*)
 *(.rel.gnu.linkonce.r*)

.rela.rodata
 *(.rela.rodata)
 *(.rela.rodata.*)
 *(.rela.gnu.linkonce.r*)

.rel.data
 *(.rel.data)
 *(.rel.data.*)
 *(.rel.gnu.linkonce.d*)

.rela.data
 *(.rela.data)
 *(.rela.data.*)
 *(.rela.gnu.linkonce.d*)

.rel.ctors
 *(.rel.ctors)

.rela.ctors
 *(.rela.ctors)

.rel.dtors
 *(.rel.dtors)

.rela.dtors
 *(.rela.dtors)

.rel.got
 *(.rel.got)

.rela.got
 *(.rela.got)

.rel.bss
 *(.rel.bss)

.rela.bss
 *(.rela.bss)

.rel.plt
 *(.rel.plt)

.rela.plt
 *(.rela.plt)

.text           0x00000000     0x259a
 *(.vectors)
 .vectors       0x00000000       0x8c C:/WinAVR/bin/../lib/gcc/avr/3.4.6/../../../../avr/lib/avr5/crtm128.o
                0x00000000                __vectors
                0x00000000                __vector_default
                0x0000008c                __ctors_start = .
 *(.ctors)
                0x0000008c                __ctors_end = .
                0x0000008c                __dtors_start = .
 *(.dtors)
                0x0000008c                __dtors_end = .
 *(.progmem.gcc*)
 .progmem.gcc_fplib
                0x0000008c       0x30 C:/WinAVR/bin/../lib/gcc/avr/3.4.6/../../../../avr/lib/avr5\libm.a(strtod.o)
 *(.progmem*)
                0x000000bc                . = ALIGN (0x2)
 *(.init0)
 *(.init1)
 *(.init2)
 .init2         0x000000bc        0xc C:/WinAVR/bin/../lib/gcc/avr/3.4.6/../../../../avr/lib/avr5/crtm128.o
 *(.init3)
 *(.init4)
 .init4         0x000000c8       0x1a C:/WinAVR/bin/../lib/gcc/avr/3.4.6/../../../../avr/lib/avr5/crtm128.o
                0x000000c8                __do_copy_data
 .init4         0x000000e2       0x10 C:/WinAVR/lib/gcc/avr/3.4.6/avr5\libgcc.a(_clear_bss.o)
                0x000000e2                __do_clear_bss
 *(.init5)
 *(.init6)
 *(.init7)
 *(.init8)
 *(.init9)
 .init9         0x000000f2        0x4 C:/WinAVR/bin/../lib/gcc/avr/3.4.6/../../../../avr/lib/avr5/crtm128.o
 *(.text)
 .text          0x000000f6        0x4 C:/WinAVR/bin/../lib/gcc/avr/3.4.6/../../../../avr/lib/avr5/crtm128.o
                0x000000f6                __vector_22
                0x000000f6                __vector_28
                0x000000f6                __vector_1
                0x000000f6                __vector_32
                0x000000f6                __vector_34
                0x000000f6                __vector_24
                0x000000f6                __vector_12
                0x000000f6                __bad_interrupt
                0x000000f6                __vector_6
                0x000000f6                __vector_31
                0x000000f6                __vector_3
                0x000000f6                __vector_23
                0x000000f6                __vector_30
                0x000000f6                __vector_25
                0x000000f6                __vector_13
                0x000000f6                __vector_17
                0x000000f6                __vector_19
                0x000000f6                __vector_7
                0x000000f6                __vector_27
                0x000000f6                __vector_5
                0x000000f6                __vector_33
                0x000000f6                __vector_4
                0x000000f6                __vector_9
                0x000000f6                __vector_2
                0x000000f6                __vector_21
                0x000000f6                __vector_15
                0x000000f6                __vector_29
                0x000000f6                __vector_8
                0x000000f6                __vector_26
                0x000000f6                __vector_10
                0x000000f6                __vector_16
 .text          0x000000fa      0x1f6 serial.o
                0x0000022e                ser_init
                0x000001f8                _serputs_P
                0x00000282                init_uart1
                0x0000029e                uart1_ReceiveByte
                0x00000172                ser_getc
                0x000001ae                ser_putc
                0x000001c4                ser_puts
                0x00000256                ser_puthex
                0x000002c2                uart1_SendString
                0x000002b2                uart1_SendByte
                0x000000fa                __vector_18
                0x00000158                __vector_20
 .text          0x000002f0      0x25e printf.o
                0x000002f0                myputchar
                0x00000308                _puts_P
                0x0000032c                _printf_P
 .text          0x0000054e      0x1f6 lcd.o
                0x000006c0                lcd_printf
                0x0000061c                LCD_Write_data
                0x00000670                lcd_gotoxy
                0x00000692                lcd_putc
                0x000006de                lcd_clear
                0x0000054e                delay_us
                0x000005c8                LCD_Write_cmd
                0x000006ba                LCD_DisplayCharacter
                0x000006fa                init_lcd
 .text          0x00000744      0x1e2 main.o
                0x000007c2                delay_led
                0x00000744                __vector_11
                0x000007ea                main
                0x000007dc                init_timer1
                0x000007a0                __vector_14
 .text          0x00000926      0xbe4 C:/WinAVR/bin/../lib/gcc/avr/3.4.6/../../../../avr/lib/avr5\libprintf_flt.a(vfprintf_flt.o)
                0x00000c24                vfprintf
 .text          0x0000150a      0x85e C:/WinAVR/bin/../lib/gcc/avr/3.4.6/../../../../avr/lib/avr5\libscanf_flt.a(vfscanf_flt.o)
                0x0000150a                vfscanf
 .text          0x00001d68       0x12 C:/WinAVR/bin/../lib/gcc/avr/3.4.6/../../../../avr/lib/avr5\libc.a(strlen_P.o)
                0x00001d68                strlen_P
 .text          0x00001d7a       0x16 C:/WinAVR/bin/../lib/gcc/avr/3.4.6/../../../../avr/lib/avr5\libc.a(strnlen_P.o)
                0x00001d7a                strnlen_P
 .text          0x00001d90       0x18 C:/WinAVR/bin/../lib/gcc/avr/3.4.6/../../../../avr/lib/avr5\libc.a(strchr.o)
                0x00001d90                strchr
 .text          0x00001da8       0x16 C:/WinAVR/bin/../lib/gcc/avr/3.4.6/../../../../avr/lib/avr5\libc.a(strnlen.o)
                0x00001da8                strnlen
 .text          0x00001dbe       0x10 C:/WinAVR/bin/../lib/gcc/avr/3.4.6/../../../../avr/lib/avr5\libc.a(mul10.o)
                0x00001dbe                __mulhi_const_10
 .text          0x00001dce       0x86 C:/WinAVR/bin/../lib/gcc/avr/3.4.6/../../../../avr/lib/avr5\libc.a(fgetc.o)
                0x00001dce                fgetc
 .text          0x00001e54       0x5a C:/WinAVR/bin/../lib/gcc/avr/3.4.6/../../../../avr/lib/avr5\libc.a(fputc.o)
                0x00001e54                fputc
 .text          0x00001eae       0x60 C:/WinAVR/bin/../lib/gcc/avr/3.4.6/../../../../avr/lib/avr5\libc.a(sprintf.o)
                0x00001eae                sprintf
 .text          0x00001f0e       0x38 C:/WinAVR/bin/../lib/gcc/avr/3.4.6/../../../../avr/lib/avr5\libc.a(ungetc.o)
                0x00001f0e                ungetc
                0x00001f46                . = ALIGN (0x2)
 *(.text.*)
 .text.fplib    0x00001f46        0x6 C:/WinAVR/bin/../lib/gcc/avr/3.4.6/../../../../avr/lib/avr5\libm.a(divsf3.o)
                0x00001f46                __divsf3
 .text.fplib    0x00001f4c       0x86 C:/WinAVR/bin/../lib/gcc/avr/3.4.6/../../../../avr/lib/avr5\libm.a(divsf3x.o)
                0x00001f4c                __divsf3x
 .text.fplib    0x00001fd2       0x36 C:/WinAVR/bin/../lib/gcc/avr/3.4.6/../../../../avr/lib/avr5\libm.a(fixsfsi.o)
                0x00001fd2                __fixsfsi
                0x00001ff8                __fp_lneg
                0x00001fd2                __fixunssfsi
 .text.fplib    0x00002008       0x18 C:/WinAVR/bin/../lib/gcc/avr/3.4.6/../../../../avr/lib/avr5\libm.a(floatsisf.o)
                0x0000200c                __floatsisf
                0x00002008                __floatunssisf
 .text.fplib    0x00002020       0x44 C:/WinAVR/bin/../lib/gcc/avr/3.4.6/../../../../avr/lib/avr5\libm.a(fp_cmp.o)
                0x00002020                __lesf2
                0x00002020                __nesf2
                0x00002026                __gtsf2
                0x00002020                __eqsf2
                0x0000202c                __cmpsf2
                0x00002020                __ltsf2
                0x00002026                __gesf2
 .text.fplib    0x00002064       0x3a C:/WinAVR/bin/../lib/gcc/avr/3.4.6/../../../../avr/lib/avr5\libm.a(fp_merge.o)
                0x0000206e                __fp_merge
 .text.fplib    0x0000209e        0x6 C:/WinAVR/bin/../lib/gcc/avr/3.4.6/../../../../avr/lib/avr5\libm.a(fp_nan.o)
                0x0000209e                __fp_nanERANGE
                0x0000209e                __fp_nan
                0x0000209e                __fp_nanEDOM
                0x0000209e                __fp_nanx
 .text.fplib    0x000020a4       0x52 C:/WinAVR/bin/../lib/gcc/avr/3.4.6/../../../../avr/lib/avr5\libm.a(fp_split.o)
                0x000020a4                __fp_split3
                0x000020aa                __fp_split2
                0x000020bc                __fp_split1
                0x000020d8                __fp_split_a
 .text.fplib    0x000020f6        0xa C:/WinAVR/bin/../lib/gcc/avr/3.4.6/../../../../avr/lib/avr5\libm.a(fp_zero.o)
                0x000020f6                __fp_zero
                0x000020fc                __fp_zerox
 .text.fplib    0x00002100       0x20 C:/WinAVR/bin/../lib/gcc/avr/3.4.6/../../../../avr/lib/avr5\libm.a(isinfnan.o)
                0x0000210e                isinf
                0x00002100                isnan
 .text.fplib    0x00002120       0x60 C:/WinAVR/bin/../lib/gcc/avr/3.4.6/../../../../avr/lib/avr5\libm.a(modf.o)
                0x00002120                modf
 .text.fplib    0x00002180        0x6 C:/WinAVR/bin/../lib/gcc/avr/3.4.6/../../../../avr/lib/avr5\libm.a(mulsf3.o)
                0x00002180                __mulsf3
 .text.fplib    0x00002186       0x8a C:/WinAVR/bin/../lib/gcc/avr/3.4.6/../../../../avr/lib/avr5\libm.a(mulsf3x.o)
                0x00002186                __mulsf3x
 .text.fplib    0x00002210      0x178 C:/WinAVR/bin/../lib/gcc/avr/3.4.6/../../../../avr/lib/avr5\libm.a(strtod.o)
                0x00002214                strtod
                0x00002210                atof
 .text.fplib    0x00002388        0xa C:/WinAVR/bin/../lib/gcc/avr/3.4.6/../../../../avr/lib/avr5\libm.a(addsf3.o)
                0x00002388                __subsf3
                0x0000238a                __addsf3
 .text.fplib    0x00002392       0x7c C:/WinAVR/bin/../lib/gcc/avr/3.4.6/../../../../avr/lib/avr5\libm.a(addsf3x.o)
                0x00002392                __addsf3x
 .text.fplib    0x0000240e        0xa C:/WinAVR/bin/../lib/gcc/avr/3.4.6/../../../../avr/lib/avr5\libm.a(fp_flashconst.o)
                0x0000240e                __fp_flashconst
 .text.libgcc   0x00002418       0x3e C:/WinAVR/lib/gcc/avr/3.4.6/avr5\libgcc.a(_mulsi3.o)
                0x00002418                __mulsi3
 .text.libgcc   0x00002456       0x26 C:/WinAVR/lib/gcc/avr/3.4.6/avr5\libgcc.a(_divmodhi4.o)
                0x00002456                __divmodhi4
                0x00002456                _div
 .text.libgcc   0x0000247c       0x44 C:/WinAVR/lib/gcc/avr/3.4.6/avr5\libgcc.a(_udivmodsi4.o)
                0x0000247c                __udivmodsi4
 .text.libgcc   0x000024c0       0x38 C:/WinAVR/lib/gcc/avr/3.4.6/avr5\libgcc.a(_prologue.o)
                0x000024c0                __prologue_saves__
 .text.libgcc   0x000024f8       0x36 C:/WinAVR/lib/gcc/avr/3.4.6/avr5\libgcc.a(_epilogue.o)
                0x000024f8                __epilogue_restores__
 .text.libgcc   0x0000252e       0x28 C:/WinAVR/lib/gcc/avr/3.4.6/avr5\libgcc.a(_udivmodhi4.o)
                0x0000252e                __udivmodhi4
 .text.ctype    0x00002556       0x1e C:/WinAVR/bin/../lib/gcc/avr/3.4.6/../../../../avr/lib/avr5\libc.a(isspace.o)
                0x00002556                isspace
 .text.ctype    0x00002574        0xc C:/WinAVR/bin/../lib/gcc/avr/3.4.6/../../../../avr/lib/avr5\libc.a(tolower.o)
                0x00002574                tolower
 .text.ctype    0x00002580        0x6 C:/WinAVR/bin/../lib/gcc/avr/3.4.6/../../../../avr/lib/avr5\libc.a(cty_isfalse.o)
                0x00002584                __ctype_istrue
                0x00002580                __ctype_isfalse
 .text.ctype    0x00002586       0x14 C:/WinAVR/bin/../lib/gcc/avr/3.4.6/../../../../avr/lib/avr5\libc.a(isalpha.o)
                0x0000258c                islower
                0x00002586                isupper
                0x0000258a                isalpha
                0x0000259a                . = ALIGN (0x2)
 *(.fini9)
 *(.fini8)
 *(.fini7)
 *(.fini6)
 *(.fini5)
 *(.fini4)
 *(.fini3)
 *(.fini2)
 *(.fini1)
 *(.fini0)
                0x0000259a                _etext = .

.data           0x00800100       0x58 load address 0x0000259a
                0x00800100                PROVIDE (__data_start, .)
 *(.data)
 .data          0x00800100       0x15 lcd.o
 .data          0x00800115       0x35 main.o
 .data          0x0080014a        0xe C:/WinAVR/bin/../lib/gcc/avr/3.4.6/../../../../avr/lib/avr5\libscanf_flt.a(vfscanf_flt.o)
 *(.gnu.linkonce.d*)
                0x00800158                . = ALIGN (0x2)
                0x00800158                _edata = .
                0x00800158                PROVIDE (__data_end, .)

.bss            0x00800158       0x1a
                0x00800158                PROVIDE (__bss_start, .)
 *(.bss)
 .bss           0x00800158        0x5 main.o
                0x0080015c                timerOverflow
                0x00800158                End
                0x0080015a                Start
 *(COMMON)
 COMMON         0x0080015d       0x14 serial.o
                0x0080015d                recbuf
                0x0080015e                busy
                0x0080015f                rbuf
                0x0080016f                rcnt
                0x00800170                rpos
 COMMON         0x00800171        0x1 main.o
                0x00800171                update
                0x00800172                PROVIDE (__bss_end, .)
                0x0000259a                __data_load_start = LOADADDR (.data)
                0x000025f2                __data_load_end = (__data_load_start + SIZEOF (.data))

.noinit         0x00800172        0x0
                0x00800172                PROVIDE (__noinit_start, .)
 *(.noinit*)
                0x00800172                PROVIDE (__noinit_end, .)
                0x00800172                _end = .
                0x00800172                PROVIDE (__heap_start, .)

.eeprom         0x00810000        0x0
 *(.eeprom*)
                0x00810000                __eeprom_end = .

.stab           0x00000000      0x408
 *(.stab)
 .stab          0x00000000      0x408 C:/WinAVR/bin/../lib/gcc/avr/3.4.6/../../../../avr/lib/avr5/crtm128.o

.stabstr        0x00000000       0x84
 *(.stabstr)
 .stabstr       0x00000000       0x84 C:/WinAVR/bin/../lib/gcc/avr/3.4.6/../../../../avr/lib/avr5/crtm128.o

.stab.excl
 *(.stab.excl)

.stab.exclstr
 *(.stab.exclstr)

.stab.index
 *(.stab.index)

.stab.indexstr
 *(.stab.indexstr)

.comment
 *(.comment)

.debug
 *(.debug)

.line
 *(.line)

.debug_srcinfo
 *(.debug_srcinfo)

.debug_sfnames
 *(.debug_sfnames)

.debug_aranges  0x00000000       0x50
 *(.debug_aranges)
 .debug_aranges
                0x00000000       0x14 serial.o
 .debug_aranges
                0x00000014       0x14 printf.o
 .debug_aranges
                0x00000028       0x14 lcd.o
 .debug_aranges
                0x0000003c       0x14 main.o

.debug_pubnames
                0x00000000      0x265
 *(.debug_pubnames)
 .debug_pubnames
                0x00000000      0x100 serial.o
 .debug_pubnames
                0x00000100       0x3a printf.o
 .debug_pubnames
                0x0000013a       0xa3 lcd.o
 .debug_pubnames
                0x000001dd       0x88 main.o

.debug_info     0x00000000      0xd86
 *(.debug_info)
 .debug_info    0x00000000      0x39e serial.o
 .debug_info    0x0000039e      0x317 printf.o
 .debug_info    0x000006b5      0x45c lcd.o
 .debug_info    0x00000b11      0x275 main.o
 *(.gnu.linkonce.wi.*)

.debug_abbrev   0x00000000      0x4b0
 *(.debug_abbrev)
 .debug_abbrev  0x00000000      0x166 serial.o
 .debug_abbrev  0x00000166       0xed printf.o
 .debug_abbrev  0x00000253      0x129 lcd.o
 .debug_abbrev  0x0000037c      0x134 main.o

.debug_line     0x00000000      0x94d
 *(.debug_line)
 .debug_line    0x00000000      0x295 serial.o
 .debug_line    0x00000295      0x1f5 printf.o
 .debug_line    0x0000048a      0x2d8 lcd.o
 .debug_line    0x00000762      0x1eb main.o

.debug_frame
 *(.debug_frame)

.debug_str      0x00000000      0x341
 *(.debug_str)
 .debug_str     0x00000000      0x192 serial.o
                                0x1ef (size before relaxing)
 .debug_str     0x00000192       0x9e printf.o
                                0x19e (size before relaxing)
 .debug_str     0x00000230       0xa8 lcd.o
                                0x1b4 (size before relaxing)
 .debug_str     0x000002d8       0x69 main.o
                                0x18e (size before relaxing)

.debug_loc
 *(.debug_loc)

.debug_macinfo
 *(.debug_macinfo)
OUTPUT(main.elf elf32-avr)

.debug_ranges   0x0000259a       0x18
 .debug_ranges  0x0000259a        0xc serial.o
 .debug_ranges  0x000025a6        0xc printf.o

Cross Reference Table

Symbol                                            File
End                                               main.o
LCD_DisplayCharacter                              lcd.o
LCD_Write_cmd                                     lcd.o
LCD_Write_data                                    lcd.o
Start                                             main.o
__addsf3                                          C:/WinAVR/bin/../lib/gcc/avr/3.4.6/../../../../avr/lib/avr5\libm.a(addsf3.o)
                                                  C:/WinAVR/bin/../lib/gcc/avr/3.4.6/../../../../avr/lib/avr5\libm.a(modf.o)
__addsf3x                                         C:/WinAVR/bin/../lib/gcc/avr/3.4.6/../../../../avr/lib/avr5\libm.a(addsf3x.o)
                                                  C:/WinAVR/bin/../lib/gcc/avr/3.4.6/../../../../avr/lib/avr5\libm.a(addsf3.o)
__bad_interrupt                                   C:/WinAVR/bin/../lib/gcc/avr/3.4.6/../../../../avr/lib/avr5/crtm128.o
__bss_end                                         C:/WinAVR/lib/gcc/avr/3.4.6/avr5\libgcc.a(_clear_bss.o)
__bss_start                                       C:/WinAVR/lib/gcc/avr/3.4.6/avr5\libgcc.a(_clear_bss.o)
__cmpsf2                                          C:/WinAVR/bin/../lib/gcc/avr/3.4.6/../../../../avr/lib/avr5\libm.a(fp_cmp.o)
__ctype_isfalse                                   C:/WinAVR/bin/../lib/gcc/avr/3.4.6/../../../../avr/lib/avr5\libc.a(cty_isfalse.o)
                                                  C:/WinAVR/bin/../lib/gcc/avr/3.4.6/../../../../avr/lib/avr5\libc.a(isalpha.o)
                                                  C:/WinAVR/bin/../lib/gcc/avr/3.4.6/../../../../avr/lib/avr5\libc.a(isspace.o)
__ctype_istrue                                    C:/WinAVR/bin/../lib/gcc/avr/3.4.6/../../../../avr/lib/avr5\libc.a(cty_isfalse.o)
__data_end                                        C:/WinAVR/bin/../lib/gcc/avr/3.4.6/../../../../avr/lib/avr5/crtm128.o
__data_load_start                                 C:/WinAVR/bin/../lib/gcc/avr/3.4.6/../../../../avr/lib/avr5/crtm128.o
__data_start                                      C:/WinAVR/bin/../lib/gcc/avr/3.4.6/../../../../avr/lib/avr5/crtm128.o
__divmodhi4                                       C:/WinAVR/lib/gcc/avr/3.4.6/avr5\libgcc.a(_divmodhi4.o)
                                                  C:/WinAVR/bin/../lib/gcc/avr/3.4.6/../../../../avr/lib/avr5\libprintf_flt.a(vfprintf_flt.o)
__divsf3                                          C:/WinAVR/bin/../lib/gcc/avr/3.4.6/../../../../avr/lib/avr5\libm.a(divsf3.o)
                                                  main.o
__divsf3x                                         C:/WinAVR/bin/../lib/gcc/avr/3.4.6/../../../../avr/lib/avr5\libm.a(divsf3x.o)
                                                  C:/WinAVR/bin/../lib/gcc/avr/3.4.6/../../../../avr/lib/avr5\libm.a(divsf3.o)
__do_clear_bss                                    C:/WinAVR/lib/gcc/avr/3.4.6/avr5\libgcc.a(_clear_bss.o)
                                                  C:/WinAVR/bin/../lib/gcc/avr/3.4.6/../../../../avr/lib/avr5\libc.a(ungetc.o)
                                                  C:/WinAVR/bin/../lib/gcc/avr/3.4.6/../../../../avr/lib/avr5\libc.a(sprintf.o)
                                                  C:/WinAVR/bin/../lib/gcc/avr/3.4.6/../../../../avr/lib/avr5\libc.a(fputc.o)
                                                  C:/WinAVR/bin/../lib/gcc/avr/3.4.6/../../../../avr/lib/avr5\libc.a(fgetc.o)
                                                  C:/WinAVR/bin/../lib/gcc/avr/3.4.6/../../../../avr/lib/avr5\libscanf_flt.a(vfscanf_flt.o)
                                                  C:/WinAVR/bin/../lib/gcc/avr/3.4.6/../../../../avr/lib/avr5\libprintf_flt.a(vfprintf_flt.o)
                                                  main.o
                                                  lcd.o
                                                  printf.o
                                                  serial.o
__do_copy_data                                    C:/WinAVR/bin/../lib/gcc/avr/3.4.6/../../../../avr/lib/avr5/crtm128.o
                                                  C:/WinAVR/bin/../lib/gcc/avr/3.4.6/../../../../avr/lib/avr5\libc.a(ungetc.o)
                                                  C:/WinAVR/bin/../lib/gcc/avr/3.4.6/../../../../avr/lib/avr5\libc.a(sprintf.o)
                                                  C:/WinAVR/bin/../lib/gcc/avr/3.4.6/../../../../avr/lib/avr5\libc.a(fputc.o)
                                                  C:/WinAVR/bin/../lib/gcc/avr/3.4.6/../../../../avr/lib/avr5\libc.a(fgetc.o)
                                                  C:/WinAVR/bin/../lib/gcc/avr/3.4.6/../../../../avr/lib/avr5\libscanf_flt.a(vfscanf_flt.o)
                                                  C:/WinAVR/bin/../lib/gcc/avr/3.4.6/../../../../avr/lib/avr5\libprintf_flt.a(vfprintf_flt.o)
                                                  main.o
                                                  lcd.o
                                                  printf.o
                                                  serial.o
__epilogue_restores__                             C:/WinAVR/lib/gcc/avr/3.4.6/avr5\libgcc.a(_epilogue.o)
                                                  C:/WinAVR/bin/../lib/gcc/avr/3.4.6/../../../../avr/lib/avr5\libm.a(strtod.o)
                                                  printf.o
__eqsf2                                           C:/WinAVR/bin/../lib/gcc/avr/3.4.6/../../../../avr/lib/avr5\libm.a(fp_cmp.o)
__fixsfsi                                         C:/WinAVR/bin/../lib/gcc/avr/3.4.6/../../../../avr/lib/avr5\libm.a(fixsfsi.o)
                                                  C:/WinAVR/bin/../lib/gcc/avr/3.4.6/../../../../avr/lib/avr5\libm.a(modf.o)
                                                  C:/WinAVR/bin/../lib/gcc/avr/3.4.6/../../../../avr/lib/avr5\libprintf_flt.a(vfprintf_flt.o)
__fixunssfsi                                      C:/WinAVR/bin/../lib/gcc/avr/3.4.6/../../../../avr/lib/avr5\libm.a(fixsfsi.o)
__floatsisf                                       C:/WinAVR/bin/../lib/gcc/avr/3.4.6/../../../../avr/lib/avr5\libm.a(floatsisf.o)
                                                  C:/WinAVR/bin/../lib/gcc/avr/3.4.6/../../../../avr/lib/avr5\libm.a(modf.o)
                                                  main.o
__floatunssisf                                    C:/WinAVR/bin/../lib/gcc/avr/3.4.6/../../../../avr/lib/avr5\libm.a(floatsisf.o)
                                                  C:/WinAVR/bin/../lib/gcc/avr/3.4.6/../../../../avr/lib/avr5\libm.a(strtod.o)
__fp_flashconst                                   C:/WinAVR/bin/../lib/gcc/avr/3.4.6/../../../../avr/lib/avr5\libm.a(fp_flashconst.o)
                                                  C:/WinAVR/bin/../lib/gcc/avr/3.4.6/../../../../avr/lib/avr5\libm.a(strtod.o)
__fp_lneg                                         C:/WinAVR/bin/../lib/gcc/avr/3.4.6/../../../../avr/lib/avr5\libm.a(fixsfsi.o)
                                                  C:/WinAVR/bin/../lib/gcc/avr/3.4.6/../../../../avr/lib/avr5\libm.a(floatsisf.o)
__fp_merge                                        C:/WinAVR/bin/../lib/gcc/avr/3.4.6/../../../../avr/lib/avr5\libm.a(fp_merge.o)
                                                  C:/WinAVR/bin/../lib/gcc/avr/3.4.6/../../../../avr/lib/avr5\libm.a(addsf3.o)
                                                  C:/WinAVR/bin/../lib/gcc/avr/3.4.6/../../../../avr/lib/avr5\libm.a(mulsf3.o)
                                                  C:/WinAVR/bin/../lib/gcc/avr/3.4.6/../../../../avr/lib/avr5\libm.a(modf.o)
                                                  C:/WinAVR/bin/../lib/gcc/avr/3.4.6/../../../../avr/lib/avr5\libm.a(floatsisf.o)
                                                  C:/WinAVR/bin/../lib/gcc/avr/3.4.6/../../../../avr/lib/avr5\libm.a(divsf3.o)
__fp_nan                                          C:/WinAVR/bin/../lib/gcc/avr/3.4.6/../../../../avr/lib/avr5\libm.a(fp_nan.o)
                                                  C:/WinAVR/bin/../lib/gcc/avr/3.4.6/../../../../avr/lib/avr5\libm.a(fp_split.o)
__fp_nanEDOM                                      C:/WinAVR/bin/../lib/gcc/avr/3.4.6/../../../../avr/lib/avr5\libm.a(fp_nan.o)
__fp_nanERANGE                                    C:/WinAVR/bin/../lib/gcc/avr/3.4.6/../../../../avr/lib/avr5\libm.a(fp_nan.o)
__fp_nanx                                         C:/WinAVR/bin/../lib/gcc/avr/3.4.6/../../../../avr/lib/avr5\libm.a(fp_nan.o)
                                                  C:/WinAVR/bin/../lib/gcc/avr/3.4.6/../../../../avr/lib/avr5\libm.a(mulsf3x.o)
                                                  C:/WinAVR/bin/../lib/gcc/avr/3.4.6/../../../../avr/lib/avr5\libm.a(divsf3x.o)
__fp_split1                                       C:/WinAVR/bin/../lib/gcc/avr/3.4.6/../../../../avr/lib/avr5\libm.a(fp_split.o)
                                                  C:/WinAVR/bin/../lib/gcc/avr/3.4.6/../../../../avr/lib/avr5\libm.a(fixsfsi.o)
__fp_split2                                       C:/WinAVR/bin/../lib/gcc/avr/3.4.6/../../../../avr/lib/avr5\libm.a(fp_split.o)
                                                  C:/WinAVR/bin/../lib/gcc/avr/3.4.6/../../../../avr/lib/avr5\libm.a(fp_cmp.o)
__fp_split3                                       C:/WinAVR/bin/../lib/gcc/avr/3.4.6/../../../../avr/lib/avr5\libm.a(fp_split.o)
                                                  C:/WinAVR/bin/../lib/gcc/avr/3.4.6/../../../../avr/lib/avr5\libm.a(addsf3.o)
                                                  C:/WinAVR/bin/../lib/gcc/avr/3.4.6/../../../../avr/lib/avr5\libm.a(mulsf3.o)
                                                  C:/WinAVR/bin/../lib/gcc/avr/3.4.6/../../../../avr/lib/avr5\libm.a(divsf3.o)
__fp_split_a                                      C:/WinAVR/bin/../lib/gcc/avr/3.4.6/../../../../avr/lib/avr5\libm.a(fp_split.o)
                                                  C:/WinAVR/bin/../lib/gcc/avr/3.4.6/../../../../avr/lib/avr5\libm.a(modf.o)
__fp_zero                                         C:/WinAVR/bin/../lib/gcc/avr/3.4.6/../../../../avr/lib/avr5\libm.a(fp_zero.o)
                                                  C:/WinAVR/bin/../lib/gcc/avr/3.4.6/../../../../avr/lib/avr5\libm.a(strtod.o)
                                                  C:/WinAVR/bin/../lib/gcc/avr/3.4.6/../../../../avr/lib/avr5\libm.a(fp_merge.o)
                                                  C:/WinAVR/bin/../lib/gcc/avr/3.4.6/../../../../avr/lib/avr5\libm.a(fixsfsi.o)
__fp_zerox                                        C:/WinAVR/bin/../lib/gcc/avr/3.4.6/../../../../avr/lib/avr5\libm.a(fp_zero.o)
                                                  C:/WinAVR/bin/../lib/gcc/avr/3.4.6/../../../../avr/lib/avr5\libm.a(addsf3x.o)
                                                  C:/WinAVR/bin/../lib/gcc/avr/3.4.6/../../../../avr/lib/avr5\libm.a(mulsf3x.o)
                                                  C:/WinAVR/bin/../lib/gcc/avr/3.4.6/../../../../avr/lib/avr5\libm.a(divsf3x.o)
__gesf2                                           C:/WinAVR/bin/../lib/gcc/avr/3.4.6/../../../../avr/lib/avr5\libm.a(fp_cmp.o)
__gtsf2                                           C:/WinAVR/bin/../lib/gcc/avr/3.4.6/../../../../avr/lib/avr5\libm.a(fp_cmp.o)
                                                  C:/WinAVR/bin/../lib/gcc/avr/3.4.6/../../../../avr/lib/avr5\libprintf_flt.a(vfprintf_flt.o)
                                                  main.o
__heap_end                                        C:/WinAVR/bin/../lib/gcc/avr/3.4.6/../../../../avr/lib/avr5/crtm128.o
__init                                            C:/WinAVR/bin/../lib/gcc/avr/3.4.6/../../../../avr/lib/avr5/crtm128.o
__lesf2                                           C:/WinAVR/bin/../lib/gcc/avr/3.4.6/../../../../avr/lib/avr5\libm.a(fp_cmp.o)
__ltsf2                                           C:/WinAVR/bin/../lib/gcc/avr/3.4.6/../../../../avr/lib/avr5\libm.a(fp_cmp.o)
                                                  C:/WinAVR/bin/../lib/gcc/avr/3.4.6/../../../../avr/lib/avr5\libprintf_flt.a(vfprintf_flt.o)
__mulhi_const_10                                  C:/WinAVR/bin/../lib/gcc/avr/3.4.6/../../../../avr/lib/avr5\libc.a(mul10.o)
                                                  C:/WinAVR/bin/../lib/gcc/avr/3.4.6/../../../../avr/lib/avr5\libm.a(strtod.o)
__mulsf3                                          C:/WinAVR/bin/../lib/gcc/avr/3.4.6/../../../../avr/lib/avr5\libm.a(mulsf3.o)
                                                  C:/WinAVR/bin/../lib/gcc/avr/3.4.6/../../../../avr/lib/avr5\libm.a(strtod.o)
                                                  C:/WinAVR/bin/../lib/gcc/avr/3.4.6/../../../../avr/lib/avr5\libprintf_flt.a(vfprintf_flt.o)
__mulsf3x                                         C:/WinAVR/bin/../lib/gcc/avr/3.4.6/../../../../avr/lib/avr5\libm.a(mulsf3x.o)
                                                  C:/WinAVR/bin/../lib/gcc/avr/3.4.6/../../../../avr/lib/avr5\libm.a(mulsf3.o)
__mulsi3                                          C:/WinAVR/lib/gcc/avr/3.4.6/avr5\libgcc.a(_mulsi3.o)
                                                  C:/WinAVR/bin/../lib/gcc/avr/3.4.6/../../../../avr/lib/avr5\libm.a(strtod.o)
                                                  C:/WinAVR/bin/../lib/gcc/avr/3.4.6/../../../../avr/lib/avr5\libscanf_flt.a(vfscanf_flt.o)
                                                  lcd.o
__nesf2                                           C:/WinAVR/bin/../lib/gcc/avr/3.4.6/../../../../avr/lib/avr5\libm.a(fp_cmp.o)
                                                  C:/WinAVR/bin/../lib/gcc/avr/3.4.6/../../../../avr/lib/avr5\libprintf_flt.a(vfprintf_flt.o)
__prologue_saves__                                C:/WinAVR/lib/gcc/avr/3.4.6/avr5\libgcc.a(_prologue.o)
                                                  C:/WinAVR/bin/../lib/gcc/avr/3.4.6/../../../../avr/lib/avr5\libm.a(strtod.o)
                                                  printf.o
__stack                                           C:/WinAVR/bin/../lib/gcc/avr/3.4.6/../../../../avr/lib/avr5/crtm128.o
                                                  main.o
__subsf3                                          C:/WinAVR/bin/../lib/gcc/avr/3.4.6/../../../../avr/lib/avr5\libm.a(addsf3.o)
__udivmodhi4                                      C:/WinAVR/lib/gcc/avr/3.4.6/avr5\libgcc.a(_udivmodhi4.o)
                                                  C:/WinAVR/lib/gcc/avr/3.4.6/avr5\libgcc.a(_divmodhi4.o)
__udivmodsi4                                      C:/WinAVR/lib/gcc/avr/3.4.6/avr5\libgcc.a(_udivmodsi4.o)
                                                  C:/WinAVR/bin/../lib/gcc/avr/3.4.6/../../../../avr/lib/avr5\libprintf_flt.a(vfprintf_flt.o)
                                                  printf.o
__vector_1                                        C:/WinAVR/bin/../lib/gcc/avr/3.4.6/../../../../avr/lib/avr5/crtm128.o
__vector_10                                       C:/WinAVR/bin/../lib/gcc/avr/3.4.6/../../../../avr/lib/avr5/crtm128.o
__vector_11                                       main.o
                                                  C:/WinAVR/bin/../lib/gcc/avr/3.4.6/../../../../avr/lib/avr5/crtm128.o
__vector_12                                       C:/WinAVR/bin/../lib/gcc/avr/3.4.6/../../../../avr/lib/avr5/crtm128.o
__vector_13                                       C:/WinAVR/bin/../lib/gcc/avr/3.4.6/../../../../avr/lib/avr5/crtm128.o
__vector_14                                       main.o
                                                  C:/WinAVR/bin/../lib/gcc/avr/3.4.6/../../../../avr/lib/avr5/crtm128.o
__vector_15                                       C:/WinAVR/bin/../lib/gcc/avr/3.4.6/../../../../avr/lib/avr5/crtm128.o
__vector_16                                       C:/WinAVR/bin/../lib/gcc/avr/3.4.6/../../../../avr/lib/avr5/crtm128.o
__vector_17                                       C:/WinAVR/bin/../lib/gcc/avr/3.4.6/../../../../avr/lib/avr5/crtm128.o
__vector_18                                       serial.o
                                                  C:/WinAVR/bin/../lib/gcc/avr/3.4.6/../../../../avr/lib/avr5/crtm128.o
__vector_19                                       C:/WinAVR/bin/../lib/gcc/avr/3.4.6/../../../../avr/lib/avr5/crtm128.o
__vector_2                                        C:/WinAVR/bin/../lib/gcc/avr/3.4.6/../../../../avr/lib/avr5/crtm128.o
__vector_20                                       serial.o
                                                  C:/WinAVR/bin/../lib/gcc/avr/3.4.6/../../../../avr/lib/avr5/crtm128.o
__vector_21                                       C:/WinAVR/bin/../lib/gcc/avr/3.4.6/../../../../avr/lib/avr5/crtm128.o
__vector_22                                       C:/WinAVR/bin/../lib/gcc/avr/3.4.6/../../../../avr/lib/avr5/crtm128.o
__vector_23                                       C:/WinAVR/bin/../lib/gcc/avr/3.4.6/../../../../avr/lib/avr5/crtm128.o
__vector_24                                       C:/WinAVR/bin/../lib/gcc/avr/3.4.6/../../../../avr/lib/avr5/crtm128.o
__vector_25                                       C:/WinAVR/bin/../lib/gcc/avr/3.4.6/../../../../avr/lib/avr5/crtm128.o
__vector_26                                       C:/WinAVR/bin/../lib/gcc/avr/3.4.6/../../../../avr/lib/avr5/crtm128.o
__vector_27                                       C:/WinAVR/bin/../lib/gcc/avr/3.4.6/../../../../avr/lib/avr5/crtm128.o
__vector_28                                       C:/WinAVR/bin/../lib/gcc/avr/3.4.6/../../../../avr/lib/avr5/crtm128.o
__vector_29                                       C:/WinAVR/bin/../lib/gcc/avr/3.4.6/../../../../avr/lib/avr5/crtm128.o
__vector_3                                        C:/WinAVR/bin/../lib/gcc/avr/3.4.6/../../../../avr/lib/avr5/crtm128.o
__vector_30                                       C:/WinAVR/bin/../lib/gcc/avr/3.4.6/../../../../avr/lib/avr5/crtm128.o
__vector_31                                       C:/WinAVR/bin/../lib/gcc/avr/3.4.6/../../../../avr/lib/avr5/crtm128.o
__vector_32                                       C:/WinAVR/bin/../lib/gcc/avr/3.4.6/../../../../avr/lib/avr5/crtm128.o
__vector_33                                       C:/WinAVR/bin/../lib/gcc/avr/3.4.6/../../../../avr/lib/avr5/crtm128.o
__vector_34                                       C:/WinAVR/bin/../lib/gcc/avr/3.4.6/../../../../avr/lib/avr5/crtm128.o
__vector_4                                        C:/WinAVR/bin/../lib/gcc/avr/3.4.6/../../../../avr/lib/avr5/crtm128.o
__vector_5                                        C:/WinAVR/bin/../lib/gcc/avr/3.4.6/../../../../avr/lib/avr5/crtm128.o
__vector_6                                        C:/WinAVR/bin/../lib/gcc/avr/3.4.6/../../../../avr/lib/avr5/crtm128.o
__vector_7                                        C:/WinAVR/bin/../lib/gcc/avr/3.4.6/../../../../avr/lib/avr5/crtm128.o
__vector_8                                        C:/WinAVR/bin/../lib/gcc/avr/3.4.6/../../../../avr/lib/avr5/crtm128.o
__vector_9                                        C:/WinAVR/bin/../lib/gcc/avr/3.4.6/../../../../avr/lib/avr5/crtm128.o
__vector_default                                  C:/WinAVR/bin/../lib/gcc/avr/3.4.6/../../../../avr/lib/avr5/crtm128.o
__vectors                                         C:/WinAVR/bin/../lib/gcc/avr/3.4.6/../../../../avr/lib/avr5/crtm128.o
_div                                              C:/WinAVR/lib/gcc/avr/3.4.6/avr5\libgcc.a(_divmodhi4.o)
_printf_P                                         printf.o
_puts_P                                           printf.o
_serputs_P                                        serial.o
atof                                              C:/WinAVR/bin/../lib/gcc/avr/3.4.6/../../../../avr/lib/avr5\libm.a(strtod.o)
busy                                              serial.o
delay_led                                         main.o
delay_us                                          lcd.o
fgetc                                             C:/WinAVR/bin/../lib/gcc/avr/3.4.6/../../../../avr/lib/avr5\libc.a(fgetc.o)
                                                  C:/WinAVR/bin/../lib/gcc/avr/3.4.6/../../../../avr/lib/avr5\libscanf_flt.a(vfscanf_flt.o)
fputc                                             C:/WinAVR/bin/../lib/gcc/avr/3.4.6/../../../../avr/lib/avr5\libc.a(fputc.o)
                                                  C:/WinAVR/bin/../lib/gcc/avr/3.4.6/../../../../avr/lib/avr5\libprintf_flt.a(vfprintf_flt.o)
init_lcd                                          lcd.o
                                                  main.o
init_timer1                                       main.o
init_uart1                                        serial.o
isalpha                                           C:/WinAVR/bin/../lib/gcc/avr/3.4.6/../../../../avr/lib/avr5\libc.a(isalpha.o)
                                                  C:/WinAVR/bin/../lib/gcc/avr/3.4.6/../../../../avr/lib/avr5\libc.a(tolower.o)
isinf                                             C:/WinAVR/bin/../lib/gcc/avr/3.4.6/../../../../avr/lib/avr5\libm.a(isinfnan.o)
                                                  C:/WinAVR/bin/../lib/gcc/avr/3.4.6/../../../../avr/lib/avr5\libprintf_flt.a(vfprintf_flt.o)
islower                                           C:/WinAVR/bin/../lib/gcc/avr/3.4.6/../../../../avr/lib/avr5\libc.a(isalpha.o)
isnan                                             C:/WinAVR/bin/../lib/gcc/avr/3.4.6/../../../../avr/lib/avr5\libm.a(isinfnan.o)
                                                  C:/WinAVR/bin/../lib/gcc/avr/3.4.6/../../../../avr/lib/avr5\libprintf_flt.a(vfprintf_flt.o)
isspace                                           C:/WinAVR/bin/../lib/gcc/avr/3.4.6/../../../../avr/lib/avr5\libc.a(isspace.o)
                                                  C:/WinAVR/bin/../lib/gcc/avr/3.4.6/../../../../avr/lib/avr5\libscanf_flt.a(vfscanf_flt.o)
isupper                                           C:/WinAVR/bin/../lib/gcc/avr/3.4.6/../../../../avr/lib/avr5\libc.a(isalpha.o)
lcd_clear                                         lcd.o
lcd_gotoxy                                        lcd.o
                                                  main.o
lcd_printf                                        lcd.o
                                                  main.o
lcd_putc                                          lcd.o
main                                              main.o
                                                  C:/WinAVR/bin/../lib/gcc/avr/3.4.6/../../../../avr/lib/avr5/crtm128.o
modf                                              C:/WinAVR/bin/../lib/gcc/avr/3.4.6/../../../../avr/lib/avr5\libm.a(modf.o)
                                                  C:/WinAVR/bin/../lib/gcc/avr/3.4.6/../../../../avr/lib/avr5\libprintf_flt.a(vfprintf_flt.o)
myputchar                                         printf.o
rbuf                                              serial.o
rcnt                                              serial.o
recbuf                                            serial.o
rpos                                              serial.o
ser_getc                                          serial.o
ser_init                                          serial.o
                                                  main.o
ser_putc                                          serial.o
                                                  printf.o
ser_puthex                                        serial.o
ser_puts                                          serial.o
sprintf                                           C:/WinAVR/bin/../lib/gcc/avr/3.4.6/../../../../avr/lib/avr5\libc.a(sprintf.o)
                                                  main.o
strchr                                            C:/WinAVR/bin/../lib/gcc/avr/3.4.6/../../../../avr/lib/avr5\libc.a(strchr.o)
                                                  C:/WinAVR/bin/../lib/gcc/avr/3.4.6/../../../../avr/lib/avr5\libscanf_flt.a(vfscanf_flt.o)
strlen_P                                          C:/WinAVR/bin/../lib/gcc/avr/3.4.6/../../../../avr/lib/avr5\libc.a(strlen_P.o)
                                                  C:/WinAVR/bin/../lib/gcc/avr/3.4.6/../../../../avr/lib/avr5\libprintf_flt.a(vfprintf_flt.o)
strnlen                                           C:/WinAVR/bin/../lib/gcc/avr/3.4.6/../../../../avr/lib/avr5\libc.a(strnlen.o)
                                                  C:/WinAVR/bin/../lib/gcc/avr/3.4.6/../../../../avr/lib/avr5\libprintf_flt.a(vfprintf_flt.o)
strnlen_P                                         C:/WinAVR/bin/../lib/gcc/avr/3.4.6/../../../../avr/lib/avr5\libc.a(strnlen_P.o)
                                                  C:/WinAVR/bin/../lib/gcc/avr/3.4.6/../../../../avr/lib/avr5\libprintf_flt.a(vfprintf_flt.o)
strtod                                            C:/WinAVR/bin/../lib/gcc/avr/3.4.6/../../../../avr/lib/avr5\libm.a(strtod.o)
                                                  C:/WinAVR/bin/../lib/gcc/avr/3.4.6/../../../../avr/lib/avr5\libscanf_flt.a(vfscanf_flt.o)
timerOverflow                                     main.o
tolower                                           C:/WinAVR/bin/../lib/gcc/avr/3.4.6/../../../../avr/lib/avr5\libc.a(tolower.o)
                                                  C:/WinAVR/bin/../lib/gcc/avr/3.4.6/../../../../avr/lib/avr5\libscanf_flt.a(vfscanf_flt.o)
uart1_ReceiveByte                                 serial.o
uart1_SendByte                                    serial.o
uart1_SendString                                  serial.o
ungetc                                            C:/WinAVR/bin/../lib/gcc/avr/3.4.6/../../../../avr/lib/avr5\libc.a(ungetc.o)
                                                  C:/WinAVR/bin/../lib/gcc/avr/3.4.6/../../../../avr/lib/avr5\libscanf_flt.a(vfscanf_flt.o)
update                                            main.o
vfprintf                                          C:/WinAVR/bin/../lib/gcc/avr/3.4.6/../../../../avr/lib/avr5\libprintf_flt.a(vfprintf_flt.o)
                                                  C:/WinAVR/bin/../lib/gcc/avr/3.4.6/../../../../avr/lib/avr5\libc.a(sprintf.o)
vfscanf                                           C:/WinAVR/bin/../lib/gcc/avr/3.4.6/../../../../avr/lib/avr5\libscanf_flt.a(vfscanf_flt.o)
